24
55 E9 1C BD 55 7A 
9, 1
9, 7
3, 7
3, 4
4, 4
4, 1

3016.86 ms