Tidak ditemukan solusi yang menghasilkan total hadiah yang positif.
1727.25 ms