10
BD 55 BD 1C 1C E9 BD 55 BD 1C 1C 
1, 1
1, 20
2, 20
2, 2
1, 2
1, 9
2, 9
2, 3
1, 3
1, 12
2, 12

96.673 ms