10
1C E9 55 BD 7A E9 7A BD 55 55 7A BD E9 E9 1C 1C 7A 55 1C 
2, 1
2, 10
1, 10
1, 2
2, 2
2, 9
1, 9
1, 3
2, 3
2, 8
1, 8
1, 4
2, 4
2, 7
1, 7
1, 5
2, 5
2, 6
1, 6

96.7295 ms