10
E9 BD E9 55 7A 55 7A 1C BD E9 55 E9 55 7A 1C 7A 1C BD E9 BD 
10, 1
10, 2
9, 2
9, 1
8, 1
8, 2
7, 2
7, 1
1, 1
1, 2
5, 2
5, 1
4, 1
4, 2
3, 2
3, 1
2, 1
2, 2
6, 2
6, 1

239.277 ms